// Jest Snapshot v1, https://goo.gl/fbAQLP

exports[`Landing Page should render correctly 1`] = `ShallowWrapper {}`;
