// Jest Snapshot v1, https://goo.gl/fbAQLP

exports[`Countries snapshot should render correctly 1`] = `ShallowWrapper {}`;
